New log file that I don't want to track.